
> vite_react_shadcn_ts@0.0.0 test
> vitest run


[1m[46m RUN [49m[22m [36mv3.2.4 [39m[90mD:/A/ankur-s-cyber-canvas[39m

 [32mΓ£ô[39m src/test/example.test.ts [2m([22m[2m1 test[22m[2m)[22m[32m 8[2mms[22m[39m
node.exe : 
[90mstderr[2m | s
rc/__tests__/pages/
NotFound.test.tsx[
2m > 
[22m[2mNotFound 
Page[2m > 
[22m[2mshould 
render the 404 page
At line:1 char:1
+ & "C:\Program Fil
es\nodejs/node.exe"
 "C:\Program Files\
nodejs/node_mo ...
+ ~~~~~~~~~~~~~~~~~
~~~~~~~~~~~~~~~~~~~
~~~~~~~~~~~~~~~~~~~
~~~~~~~~~~~~~~
    + CategoryInfo 
             : No  
  tSpecified: (   
 [90mstderr[2m    
...er the 404     
page:String) [    
], RemoteExcep    
tion
    + FullyQualifi 
   edErrorId : Na  
  tiveCommandErr   
 or
 
[22m[39mΓÜá∩╕Å 
React Router 
Future Flag 
Warning: React 
Router will begin 
wrapping state 
updates in `React.s
tartTransition` in 
v7. You can use 
the `v7_startTransi
tion` future flag 
to opt-in early. 
For more 
information, see ht
tps://reactrouter.c
om/v6/upgrading/fut
ure#v7_starttransit
ion.
ΓÜá∩╕Å React 
Router Future Flag 
Warning: Relative 
route resolution 
within Splat 
routes is changing 
in v7. You can use 
the `v7_relativeSpl
atPath` future 
flag to opt-in 
early. For more 
information, see ht
tps://reactrouter.c
om/v6/upgrading/fut
ure#v7_relativespla
tpath.

 [32mΓ£ô[39m src/__tests__/pages/NotFound.test.tsx [2m([22m[2m2 tests[22m[2m)[22m[33m 412[2mms[22m[39m
[90mstderr[2m | s
rc/test/App.test.ts
x[2m > 
[22m[2mApp[2m > 
[22m[2mrenders 
without crashing
[22m[39mΓÜá∩╕Å 
React Router 
Future Flag 
Warning: React 
Router will begin 
wrapping state 
updates in `React.s
tartTransition` in 
v7. You can use 
the `v7_startTransi
tion` future flag 
to opt-in early. 
For more 
information, see ht
tps://reactrouter.c
om/v6/upgrading/fut
ure#v7_starttransit
ion.
ΓÜá∩╕Å React 
Router Future Flag 
Warning: Relative 
route resolution 
within Splat 
routes is changing 
in v7. You can use 
the `v7_relativeSpl
atPath` future 
flag to opt-in 
early. For more 
information, see ht
tps://reactrouter.c
om/v6/upgrading/fut
ure#v7_relativespla
tpath.

 [32mΓ£ô[39m src/test/App.test.tsx [2m([22m[2m1 test[22m[2m)[22m[33m 810[2mms[22m[39m
   [33m[2mΓ£ô[22m[39m App[2m > [22mrenders without crashing [33m 803[2mms[22m[39m
[31mΓÄ»ΓÄ»ΓÄ»ΓÄ»ΓÄ
»ΓÄ»[39m[1m[41m 
Unhandled Errors [
49m[22m[31mΓÄ»ΓÄ»
ΓÄ»ΓÄ»ΓÄ»ΓÄ»[39m
[31m[1m
Vitest caught 1 
unhandled error 
during the test 
run.
This might cause 
false positive 
tests. Resolve 
unhandled errors 
to make sure your 
tests are not 
affected.[22m[39m

[31mΓÄ»ΓÄ»ΓÄ»ΓÄ»ΓÄ
»[39m[1m[41m 
Uncaught Exception 
[49m[22m[31mΓÄ»Γ
Ä»ΓÄ»ΓÄ»ΓÄ»[39m
[31m[1mTypeError
[22m: Cannot read 
properties of 
undefined (reading 
'split')[39m
[90m [2mΓ¥»[22m 
parse node_modules/
cssstyle/lib/proper
ties.js:[2m211:17
[22m[39m
[90m [2mΓ¥»[22m 
CSSStyleDeclaration
.set node_modules/c
ssstyle/lib/propert
ies.js:[2m257:46[
22m[39m
[90m [2mΓ¥»[22m 
HTMLVisualElement.r
enderHTML [as 
renderInstance] nod
e_modules/motion-do
m/dist/es/render/ht
ml/utils/render.mjs
:[2m6:27[22m[39m
[90m [2mΓ¥»[22m 
VisualElement.rende
r node_modules/moti
on-dom/dist/es/rend
er/VisualElement.mj
s:[2m121:18[22m[
39m
[90m [2mΓ¥»[22m 
triggerCallback nod
e_modules/motion-do
m/dist/es/frameloop
/render-step.mjs:[
2m32:9[22m[39m
[90m [2mΓ¥»[22m 
Object.process node
_modules/motion-dom
/dist/es/frameloop/
render-step.mjs:[2
m71:23[22m[39m
[90m [2mΓ¥»[22m 
processBatch node_m
odules/motion-dom/d
ist/es/frameloop/ba
tcher.mjs:[2m39:16
[22m[39m
[90m [2mΓ¥»[22m 
node:internal/proce
ss/task_queues:[2m
151:7[22m[39m
[90m [2mΓ¥»[22m 
AsyncResource.runIn
AsyncScope node:asy
nc_hooks:[2m214:14
[22m[39m

[31mThis error 
originated in "[1m
src/test/App.test.t
sx[22m" test 
file. It doesn't 
mean the error was 
thrown inside the 
file itself, but 
while it was 
running.[39m
[31mThe latest 
test that might've 
caused the error 
is "[1mrenders 
without 
crashing[22m". It 
might mean one of 
the following:
- The error was 
thrown, while 
Vitest was running 
this test.
- If the error 
occurred after the 
test had been 
completed, this 
was the last 
documented test 
before it was 
thrown.[39m
[31mΓÄ»ΓÄ»ΓÄ»ΓÄ»ΓÄ
»ΓÄ»ΓÄ»ΓÄ»ΓÄ»ΓÄ»ΓÄ»
ΓÄ»ΓÄ»ΓÄ»ΓÄ»ΓÄ»ΓÄ»Γ
Ä»ΓÄ»ΓÄ»ΓÄ»ΓÄ»ΓÄ»ΓÄ
»ΓÄ»ΓÄ»ΓÄ»ΓÄ»ΓÄ»ΓÄ»
[39m


[2m Test Files [22m [1m[32m3 passed[39m[22m[90m (3)[39m
[2m      Tests [22m [1m[32m4 passed[39m[22m[90m (4)[39m
[2m     Errors [22m [1m[31m1 error[39m[22m
[2m   Start at [22m 14:21:00
[2m   Duration [22m 7.74s[2m (transform 1.01s, setup 610ms, collect 6.52s, tests 1.23s, environment 3.66s, prepare 1.16s)[22m

